// Jest Snapshot v1, https://goo.gl/fbAQLP

exports[`renders correctly 1`] = `
Object {
  "asFragment": [Function],
  "baseElement": <body>
    <div>
      <div
        class="Technologies"
      >
        <canvas
          class="Technologies-canvas"
        />
        <div
          class="Technologies-overlay"
        >
          <div
            class="Technologies-textwrapper"
          >
            <header
              class="Technologies-text"
            >
              I'm a software developer and systems integrator. I have 4 years of experience designing, implementing, maintaining, operating and upgrading software for its entire lifecycle. These are a few of the technologies I use on a regular basis:
            </header>
            <div
              class="Technologies-icons"
            >
              <a
                href="https://www.gnu.org/software/bash/"
              >
                <img
                  alt="Bash"
                  class="Technologies-img"
                  src="https://www.linuxjournal.com/sites/default/files/styles/850x500/public/nodeimage/story/Gnu-bash-logo_1.png"
                />
              </a>
              <a
                href="https://www.centos.org/"
              >
                <img
                  alt="CentOS"
                  class="Technologies-img"
                  src="https://upload.wikimedia.org/wikipedia/commons/thumb/9/9e/CentOS_Graphical_Symbol.svg/1024px-CentOS_Graphical_Symbol.svg.png"
                />
              </a>
              <a
                href="https://www.consul.io/"
              >
                <img
                  alt="Consul"
                  class="Technologies-img"
                  src="https://i1.wp.com/www.stefreitag.de/wp/wp-content/uploads/2019/01/consul-vertical-color.png?resize=678%2C675&ssl=1"
                />
              </a>
              <a
                href="https://www.docker.com/"
              >
                <img
                  alt="Docker"
                  class="Technologies-img"
                  src="https://www.docker.com/sites/default/files/mono-vertical.png"
                />
              </a>
              <a
                href="https://github.com/"
              >
                <img
                  alt="GitHub"
                  class="Technologies-img"
                  src="https://maxcdn.icons8.com/Share/icon/nolan/logos/github1600.png"
                />
              </a>
              <a
                href="https://gitlab.com"
              >
                <img
                  alt="GitLab"
                  class="Technologies-img"
                  src="https://upload.wikimedia.org/wikipedia/commons/1/18/GitLab_Logo.svg"
                />
              </a>
              <a
                href="https://golang.org/"
              >
                <img
                  alt="Go"
                  class="Technologies-img"
                  src="https://upload.wikimedia.org/wikipedia/commons/thumb/2/23/Go_Logo_Aqua.svg/1200px-Go_Logo_Aqua.svg.png"
                />
              </a>
              <a
                href="https://dotnet.microsoft.com/"
              >
                <img
                  alt=".NET Core"
                  class="Technologies-img"
                  src="https://upload.wikimedia.org/wikipedia/commons/thumb/e/ee/.NET_Core_Logo.svg/1200px-.NET_Core_Logo.svg.png"
                />
              </a>
            </div>
            <div
              class="Technologies-icons"
            >
              <a
                href="https://nodejs.org/"
              >
                <img
                  alt="Node.JS"
                  class="Technologies-img"
                  src="https://upload.wikimedia.org/wikipedia/commons/thumb/d/d9/Node.js_logo.svg/1920px-Node.js_logo.svg.png"
                />
              </a>
              <a
                href="https://www.postgresql.org/"
              >
                <img
                  alt="PostgreSQL"
                  class="Technologies-img"
                  src="https://upload.wikimedia.org/wikipedia/commons/thumb/2/29/Postgresql_elephant.svg/1200px-Postgresql_elephant.svg.png"
                />
              </a>
              <a
                href="https://docs.microsoft.com/en-us/powershell/"
              >
                <img
                  alt="PowerShell"
                  class="Technologies-img"
                  src="https://docs.microsoft.com/en-us/powershell/media/index/powershell_128.svg"
                />
              </a>
              <a
                href="https://reactjs.org/"
              >
                <img
                  alt="React"
                  class="Technologies-img"
                  src="https://upload.wikimedia.org/wikipedia/commons/thumb/a/a7/React-icon.svg/1200px-React-icon.svg.png"
                />
              </a>
              <a
                href="https://travis-ci.com/"
              >
                <img
                  alt="Travis CI"
                  class="Technologies-img"
                  src="https://miro.medium.com/max/501/1*IP7q20j8JJK6dB2Jy1pcig.png"
                />
              </a>
              <a
                href="https://www.typescriptlang.org/"
              >
                <img
                  alt="TypeScript"
                  class="Technologies-img"
                  src="https://upload.wikimedia.org/wikipedia/commons/thumb/a/a6/TypeScript_Logo.png/220px-TypeScript_Logo.png"
                />
              </a>
              <a
                href="https://code.visualstudio.com/"
              >
                <img
                  alt="VS Code"
                  class="Technologies-img"
                  src="https://upload.wikimedia.org/wikipedia/commons/thumb/9/9a/Visual_Studio_Code_1.35_icon.svg/1200px-Visual_Studio_Code_1.35_icon.svg.png"
                />
              </a>
              <a
                href="https://www.microsoft.com/en-us/windows"
              >
                <img
                  alt="Windows"
                  class="Technologies-img"
                  src="https://upload.wikimedia.org/wikipedia/commons/thumb/e/ee/Windows_logo_%E2%80%93_2012_%28dark_blue%29.svg/90px-Windows_logo_%E2%80%93_2012_%28dark_blue%29.svg.png"
                />
              </a>
            </div>
          </div>
          <div
            class="Technologies-textwrapper-bottom"
          >
            <header
              class="Technologies-text"
            >
              Besides my technical skills, I enjoy sci-fi and fantasy novels, the entire audiovisual aesthetic of Synthwave/Vaporwave, and thought-provoking or artistic video games such as Outer Wilds, Riven, KSP and Transistor.
            </header>
          </div>
        </div>
      </div>
    </div>
  </body>,
  "container": <div>
    <div
      class="Technologies"
    >
      <canvas
        class="Technologies-canvas"
      />
      <div
        class="Technologies-overlay"
      >
        <div
          class="Technologies-textwrapper"
        >
          <header
            class="Technologies-text"
          >
            I'm a software developer and systems integrator. I have 4 years of experience designing, implementing, maintaining, operating and upgrading software for its entire lifecycle. These are a few of the technologies I use on a regular basis:
          </header>
          <div
            class="Technologies-icons"
          >
            <a
              href="https://www.gnu.org/software/bash/"
            >
              <img
                alt="Bash"
                class="Technologies-img"
                src="https://www.linuxjournal.com/sites/default/files/styles/850x500/public/nodeimage/story/Gnu-bash-logo_1.png"
              />
            </a>
            <a
              href="https://www.centos.org/"
            >
              <img
                alt="CentOS"
                class="Technologies-img"
                src="https://upload.wikimedia.org/wikipedia/commons/thumb/9/9e/CentOS_Graphical_Symbol.svg/1024px-CentOS_Graphical_Symbol.svg.png"
              />
            </a>
            <a
              href="https://www.consul.io/"
            >
              <img
                alt="Consul"
                class="Technologies-img"
                src="https://i1.wp.com/www.stefreitag.de/wp/wp-content/uploads/2019/01/consul-vertical-color.png?resize=678%2C675&ssl=1"
              />
            </a>
            <a
              href="https://www.docker.com/"
            >
              <img
                alt="Docker"
                class="Technologies-img"
                src="https://www.docker.com/sites/default/files/mono-vertical.png"
              />
            </a>
            <a
              href="https://github.com/"
            >
              <img
                alt="GitHub"
                class="Technologies-img"
                src="https://maxcdn.icons8.com/Share/icon/nolan/logos/github1600.png"
              />
            </a>
            <a
              href="https://gitlab.com"
            >
              <img
                alt="GitLab"
                class="Technologies-img"
                src="https://upload.wikimedia.org/wikipedia/commons/1/18/GitLab_Logo.svg"
              />
            </a>
            <a
              href="https://golang.org/"
            >
              <img
                alt="Go"
                class="Technologies-img"
                src="https://upload.wikimedia.org/wikipedia/commons/thumb/2/23/Go_Logo_Aqua.svg/1200px-Go_Logo_Aqua.svg.png"
              />
            </a>
            <a
              href="https://dotnet.microsoft.com/"
            >
              <img
                alt=".NET Core"
                class="Technologies-img"
                src="https://upload.wikimedia.org/wikipedia/commons/thumb/e/ee/.NET_Core_Logo.svg/1200px-.NET_Core_Logo.svg.png"
              />
            </a>
          </div>
          <div
            class="Technologies-icons"
          >
            <a
              href="https://nodejs.org/"
            >
              <img
                alt="Node.JS"
                class="Technologies-img"
                src="https://upload.wikimedia.org/wikipedia/commons/thumb/d/d9/Node.js_logo.svg/1920px-Node.js_logo.svg.png"
              />
            </a>
            <a
              href="https://www.postgresql.org/"
            >
              <img
                alt="PostgreSQL"
                class="Technologies-img"
                src="https://upload.wikimedia.org/wikipedia/commons/thumb/2/29/Postgresql_elephant.svg/1200px-Postgresql_elephant.svg.png"
              />
            </a>
            <a
              href="https://docs.microsoft.com/en-us/powershell/"
            >
              <img
                alt="PowerShell"
                class="Technologies-img"
                src="https://docs.microsoft.com/en-us/powershell/media/index/powershell_128.svg"
              />
            </a>
            <a
              href="https://reactjs.org/"
            >
              <img
                alt="React"
                class="Technologies-img"
                src="https://upload.wikimedia.org/wikipedia/commons/thumb/a/a7/React-icon.svg/1200px-React-icon.svg.png"
              />
            </a>
            <a
              href="https://travis-ci.com/"
            >
              <img
                alt="Travis CI"
                class="Technologies-img"
                src="https://miro.medium.com/max/501/1*IP7q20j8JJK6dB2Jy1pcig.png"
              />
            </a>
            <a
              href="https://www.typescriptlang.org/"
            >
              <img
                alt="TypeScript"
                class="Technologies-img"
                src="https://upload.wikimedia.org/wikipedia/commons/thumb/a/a6/TypeScript_Logo.png/220px-TypeScript_Logo.png"
              />
            </a>
            <a
              href="https://code.visualstudio.com/"
            >
              <img
                alt="VS Code"
                class="Technologies-img"
                src="https://upload.wikimedia.org/wikipedia/commons/thumb/9/9a/Visual_Studio_Code_1.35_icon.svg/1200px-Visual_Studio_Code_1.35_icon.svg.png"
              />
            </a>
            <a
              href="https://www.microsoft.com/en-us/windows"
            >
              <img
                alt="Windows"
                class="Technologies-img"
                src="https://upload.wikimedia.org/wikipedia/commons/thumb/e/ee/Windows_logo_%E2%80%93_2012_%28dark_blue%29.svg/90px-Windows_logo_%E2%80%93_2012_%28dark_blue%29.svg.png"
              />
            </a>
          </div>
        </div>
        <div
          class="Technologies-textwrapper-bottom"
        >
          <header
            class="Technologies-text"
          >
            Besides my technical skills, I enjoy sci-fi and fantasy novels, the entire audiovisual aesthetic of Synthwave/Vaporwave, and thought-provoking or artistic video games such as Outer Wilds, Riven, KSP and Transistor.
          </header>
        </div>
      </div>
    </div>
  </div>,
  "debug": [Function],
  "findAllByAltText": [Function],
  "findAllByDisplayValue": [Function],
  "findAllByLabelText": [Function],
  "findAllByPlaceholderText": [Function],
  "findAllByRole": [Function],
  "findAllByTestId": [Function],
  "findAllByText": [Function],
  "findAllByTitle": [Function],
  "findByAltText": [Function],
  "findByDisplayValue": [Function],
  "findByLabelText": [Function],
  "findByPlaceholderText": [Function],
  "findByRole": [Function],
  "findByTestId": [Function],
  "findByText": [Function],
  "findByTitle": [Function],
  "getAllByAltText": [Function],
  "getAllByDisplayValue": [Function],
  "getAllByLabelText": [Function],
  "getAllByPlaceholderText": [Function],
  "getAllByRole": [Function],
  "getAllByTestId": [Function],
  "getAllByText": [Function],
  "getAllByTitle": [Function],
  "getByAltText": [Function],
  "getByDisplayValue": [Function],
  "getByLabelText": [Function],
  "getByPlaceholderText": [Function],
  "getByRole": [Function],
  "getByTestId": [Function],
  "getByText": [Function],
  "getByTitle": [Function],
  "queryAllByAltText": [Function],
  "queryAllByDisplayValue": [Function],
  "queryAllByLabelText": [Function],
  "queryAllByPlaceholderText": [Function],
  "queryAllByRole": [Function],
  "queryAllByTestId": [Function],
  "queryAllByText": [Function],
  "queryAllByTitle": [Function],
  "queryByAltText": [Function],
  "queryByDisplayValue": [Function],
  "queryByLabelText": [Function],
  "queryByPlaceholderText": [Function],
  "queryByRole": [Function],
  "queryByTestId": [Function],
  "queryByText": [Function],
  "queryByTitle": [Function],
  "rerender": [Function],
  "unmount": [Function],
}
`;
